---
source: tests/ui_snapshots.rs
expression: render_to_string(&app)
---
"Conn ████████1/1 ████████  active 1  reading 0  writing 1  waiting 0            "
"RPS                                                    0/s          5xx 0.00%   "
"in                          0 B/s       out                         0 B/s       "
"ZONE             RPS      2xx%    4xx%    5xx%    p95      IN/s       OUT/s     "
"*  ┌ vozltop — key bindings ────────────────────────────────────────────────┐/s "
"_  │F1 / ?            open or close this help                               │/s "
"api│Tab / S-Tab       switch zone type (Server / Upstream / Cache / Filter) │/s "
"web│Up / Down         move row cursor (also: k / j)                         │/s "
"   │PgUp / PgDn       page up / down                                        │   "
"   │Enter             open zone detail overlay                              │   "
"   │Esc               close detail / clear filter / close help              │   "
"   │F4 / /            filter zones by substring                             │   "
"   │F5                reverse sort direction                                │   "
"   │1 – 9             choose sort column (tab-specific)                     │   "
"   │F10 / q / Ctrl-C  quit                                                  │   "
"   │                                                                        │   "
"   │macOS Terminal.app intercepts F1-F4; use letter aliases:                │   "
"   │  ? = F1   / = F4   q = F10                                             │   "
"   │                                                                        │   "
"   └────────────────────────────────────────────────────────────────────────┘   "
"                                                                                "
"                                                                                "
"                                                                                "
"F1Help F4Filter F5Sort F10Quit  Tab:Zone Enter    Sort: RPS ↓                   "
