---
source: tests/ui_snapshots.rs
expression: render_to_string(&app)
---
"╭ ● · be32e97af5b7 · up 0m 42s ────────────────────────────────────────────────╮"
"│ Conn   active 1  reading 0  writing 1  waiting 0                             │"
"│┄┄┄┄┄┄┄┄┄┄┄┄┄┄┄┄┄┄┄┄┄┄┄┄┄┄┄┄┄┄┄┄┄┄┄┄┄┄┄┄┄┄┄┄┄┄┄┄┄┄┄┄┄┄┄┄┄┄┄┄┄┄┄┄┄┄┄┄┄┄┄┄┄┄┄┄┄┄│"
"│ RPS  510/s                                             │  req  8.5 K         │"
"│ I┌ vozltop — key bindings ────────────────────────────────────────────────┐  │"
"│ O│F1 / ?            open or close this help                               │  │"
"╰──│Tab / S-Tab       switch zone type (Server / Upstream / Cache / Filter) │──╯"
"╭ S│Up / Down         move row cursor (also: k / j)                         │──╮"
"│  │PgUp / PgDn       page up / down                                        │  │"
"│▶ │Enter             open zone detail overlay (or close it)                │/s│"
"│  │Esc               close detail / clear filter / close help              │/s│"
"│  │F4 / /            filter zones by substring                             │/s│"
"│  │F5                reverse sort direction                                │/s│"
"│  │1 – 9             choose sort column (tab-specific)                     │  │"
"│  │[ / ]             switch host (multi-host; also Shift+H / Shift+L)      │  │"
"│  │F10 / q / Ctrl-C  quit                                                  │  │"
"│  │                                                                        │  │"
"│  │macOS Terminal.app intercepts F1-F4; use letter aliases:                │  │"
"│  │  ? = F1   / = F4   q = F10                                             │  │"
"│  └────────────────────────────────────────────────────────────────────────┘  │"
"│                                                                              │"
"│                                                                              │"
"╰──────────────────────────────────────────────────────────────────────────────╯"
"F1Help F4Filter F5Sort F10Quit  Tab:Zone Enter:Detail                           "
